// Jest Snapshot v1, https://goo.gl/fbAQLP

exports[`FlightDetails component 1`] = `
<DocumentFragment>
  <div>
    <img
      class="css-ogmi5w-FlightDetails"
      src="airplane.png"
    />
    <ul
      class="css-1xrdt2g-FlightDetails"
    >
      <li>
        Fliht number: 311
      </li>
      <li>
        Capacity: 100
      </li>
      <li>
        Date: Monday, July 15th 2019
      </li>
      <li>
        Origin: LIMA
      </li>
      <li>
        Destination: SAO PAULO
      </li>
    </ul>
    <button
      class="css-549gpy-Button"
    >
      Start
    </button>
  </div>
</DocumentFragment>
`;
