// Jest Snapshot v1, https://goo.gl/fbAQLP

exports[`CriticalRatio component 1`] = `
<DocumentFragment>
  <section
    class="css-1bdv45e-OverbookingNumber"
  >
    <img
      alt="airplane"
      class="css-19bmys6-OverbookingNumber"
      src="airplane.png"
    />
    <p
      class="css-1j7e321-OverbookingNumber"
    >
      Critical Ratio: 0.4
    </p>
    <p
      class="css-1j7e321-OverbookingNumber"
    >
      Suggested Overbooking: 3
    </p>
    <p
      class="css-1b4lnb1-OverbookingNumber"
    >
      Total Revenue: $ 30000
    </p>
    <form
      class="css-1utjrzx-OverbookingNumber"
    >
      <span
        class="css-11iy7qm-OverbookingNumber"
        id="rs-bullet"
      >
        0
      </span>
      <input
        class="css-rblfwm-OverbookingNumber"
        id="rs-range-line"
        max="75"
        min="0"
        type="range"
        value="0"
      />
      <p
        class="css-urqw8c-OverbookingNumber"
      >
        Choose your overbooking
      </p>
      <button
        class="css-r4z6bh-OverbookingNumber"
        type="submit"
      >
        Set overbooking
      </button>
    </form>
  </section>
</DocumentFragment>
`;
